(CountAll (value 6))
(SumByFirst (first 1) (value 6))
(SumByFirst (first 2) (value 12))
(SumByFirst (first 3) (value 0))
(MaxByFirst (first 1) (value 3))
(MaxByFirst (first 2) (value 7))
(MaxByFirst (first 3) (value 0))
