(Node (index 1) (point [p1]))
(Node (index 2) (point [p2]))
(Node (index 3) (point [p3]))
(Node (index 4) (point [p4]))
(Node (index 5) (point [p5]))
(Distance (index1 1) (index2 2) (point1 [p1]) (point2 [p2]) (distance 3.0))
(Distance (index1 1) (index2 3) (point1 [p1]) (point2 [p3]) (distance 5.0))
(Distance (index1 1) (index2 4) (point1 [p1]) (point2 [p4]) (distance 13.0))
(Distance (index1 1) (index2 5) (point1 [p1]) (point2 [p5]) (distance 17.0))
(Distance (index1 2) (index2 1) (point1 [p2]) (point2 [p1]) (distance 3.0))
(Distance (index1 2) (index2 3) (point1 [p2]) (point2 [p3]) (distance 4.0))
(Distance (index1 2) (index2 4) (point1 [p2]) (point2 [p4]) (distance 10.295630140987))
(Distance (index1 2) (index2 5) (point1 [p2]) (point2 [p5]) (distance 15.811388300841896))
(Distance (index1 3) (index2 1) (point1 [p3]) (point2 [p1]) (distance 5.0))
(Distance (index1 3) (index2 2) (point1 [p3]) (point2 [p2]) (distance 4.0))
(Distance (index1 3) (index2 4) (point1 [p3]) (point2 [p4]) (distance 9.055385138137417))
(Distance (index1 3) (index2 5) (point1 [p3]) (point2 [p5]) (distance 12.083045973594572))
(Distance (index1 4) (index2 1) (point1 [p4]) (point2 [p1]) (distance 13.0))
(Distance (index1 4) (index2 2) (point1 [p4]) (point2 [p2]) (distance 10.295630140987))
(Distance (index1 4) (index2 3) (point1 [p4]) (point2 [p3]) (distance 9.055385138137417))
(Distance (index1 4) (index2 5) (point1 [p4]) (point2 [p5]) (distance 10.770329614269007))
(Distance (index1 5) (index2 1) (point1 [p5]) (point2 [p1]) (distance 17.0))
(Distance (index1 5) (index2 2) (point1 [p5]) (point2 [p2]) (distance 15.811388300841896))
(Distance (index1 5) (index2 3) (point1 [p5]) (point2 [p3]) (distance 12.083045973594572))
(Distance (index1 5) (index2 4) (point1 [p5]) (point2 [p4]) (distance 10.770329614269007))
(Nearest (index1 1) (index2 2) (point1 [p1]) (point2 [p2]) (distance 3.0))
(Nearest (index1 2) (index2 1) (point1 [p2]) (point2 [p1]) (distance 3.0))
(Nearest (index1 3) (index2 2) (point1 [p3]) (point2 [p2]) (distance 4.0))
(Nearest (index1 4) (index2 3) (point1 [p4]) (point2 [p3]) (distance 9.055385138137417))
(Nearest (index1 5) (index2 4) (point1 [p5]) (point2 [p4]) (distance 10.770329614269007))
