(AB (key "A") (value 1) (sources 1))
(AB (key "B") (value 5) (sources 2))
(AB (key "AB") (value 8) (sources 3))
(AB (key "AC") (value 3) (sources 1))
(AB (key "BC") (value 7) (sources 2))
(AB (key "ABC") (value 12) (sources 3))
(ABC (key "A") (value 1) (sources 1))
(ABC (key "B") (value 5) (sources 2))
(ABC (key "C") (value 9) (sources 4))
(ABC (key "AB") (value 8) (sources 3))
(ABC (key "AC") (value 13) (sources 5))
(ABC (key "BC") (value 18) (sources 6))
(ABC (key "ABC") (value 24) (sources 7))
